[openclassrooms.com/fr/courses/1631636-simplifiez-vos-developpements-javascript-avec-jquery/1636305-premiers-pas-avec-ajax.html]
[backblue.gif]
[fade.gif]
[index.html]
[openclassrooms.com/fr/courses/1631636-simplifiez-vos-developpements-javascript-avec-jquery/1631795-avant-de-commencer.html]
[openclassrooms.com/fr/courses/1631636-simplifiez-vos-developpements-javascript-avec-jquery/1631981-premiers-pas.html]
[openclassrooms.com/fr/courses/1631636-simplifiez-vos-developpements-javascript-avec-jquery/1632143-selection-delements.html]
[openclassrooms.com/fr/courses/1631636-simplifiez-vos-developpements-javascript-avec-jquery/1632814-plus-loin-dans-la-selection-delements.html]
[openclassrooms.com/fr/courses/1631636-simplifiez-vos-developpements-javascript-avec-jquery/1633336-modifier-le-contenu-dun-element.html]
[openclassrooms.com/fr/courses/1631636-simplifiez-vos-developpements-javascript-avec-jquery/1633537-inserer-et-remplacer-des-elements-dans-le-dom.html]
[openclassrooms.com/fr/courses/1631636-simplifiez-vos-developpements-javascript-avec-jquery/1633662-tp-questionnaire-interactif-en-jquery.html]
[openclassrooms.com/fr/courses/1631636-simplifiez-vos-developpements-javascript-avec-jquery/1634798-les-bases-de-la-gestion-evenementielle.html]
[openclassrooms.com/fr/courses/1631636-simplifiez-vos-developpements-javascript-avec-jquery/1635026-plus-loin-dans-la-gestion-evenementielle.html]
[openclassrooms.com/fr/courses/1631636-simplifiez-vos-developpements-javascript-avec-jquery/1635193-animations-et-effets.html]
[openclassrooms.com/fr/courses/1631636-simplifiez-vos-developpements-javascript-avec-jquery/1635364-files-dattente-et-timer.html]
[openclassrooms.com/fr/courses/1631636-simplifiez-vos-developpements-javascript-avec-jquery/1635481-textes-et-images.html]
[openclassrooms.com/fr/courses/1631636-simplifiez-vos-developpements-javascript-avec-jquery/1635660-formulaires-et-tableaux.html]
[openclassrooms.com/fr/courses/1631636-simplifiez-vos-developpements-javascript-avec-jquery/1635855-tp-mise-en-forme-dune-page-web.html]
[openclassrooms.com/fr/courses/1631636-simplifiez-vos-developpements-javascript-avec-jquery/1635969-un-jeu-en-jquery.html]
[openclassrooms.com/fr/courses/1631636-simplifiez-vos-developpements-javascript-avec-jquery/1636120-tp-un-jeu-de-collecte-spatiale.html]
[openclassrooms.com/fr/courses/1631636-simplifiez-vos-developpements-javascript-avec-jquery/exercises/462.html]
[openclassrooms.com/fr/courses/1631636-simplifiez-vos-developpements-javascript-avec-jquery/1636445-plus-loin-avec-ajax.html]
[openclassrooms.com/fr/courses/1631636-simplifiez-vos-developpements-javascript-avec-jquery/1636506-tp-un-chat-en-jquery.html]
[openclassrooms.com/fr/courses/1631636-simplifiez-vos-developpements-javascript-avec-jquery/exercises/464.html]
[openclassrooms.com/fr/courses/1631636-simplifiez-vos-developpements-javascript-avec-jquery/1636616-trouver-et-utiliser-un-plugin.html]
[openclassrooms.com/fr/courses/1631636-simplifiez-vos-developpements-javascript-avec-jquery/1636887-jquery-ui.html]
[openclassrooms.com/fr/courses/1631636-simplifiez-vos-developpements-javascript-avec-jquery/1636990-creer-un-plugin.html]
[openclassrooms.com/fr/courses/1631636-simplifiez-vos-developpements-javascript-avec-jquery/3165851-tp-redimensionnez-du-texte-avec-le-plugin-widetext.html]
[openclassrooms.com/fr/courses/1631636-simplifiez-vos-developpements-javascript-avec-jquery/3165891-conclusion-generale.html]
[openclassrooms.com/fr/courses/1631636-simplifiez-vos-developpements-javascript-avec-jquery/exercises/466.html]
[openclassrooms.com/fr/courses/1631636-simplifiez-vos-developpements-javascript-avec-jquery/1636305-premiers-pas-avec-ajax.html]
[openclassrooms.com/fr/courses/1631636-simplifiez-vos-developpements-javascript-avec-jquery/1631795-avant-de-commencer.html]
[openclassrooms.com/fr/courses/1631636-simplifiez-vos-developpements-javascript-avec-jquery/1631981-premiers-pas.html]
[openclassrooms.com/fr/courses/1631636-simplifiez-vos-developpements-javascript-avec-jquery/1632143-selection-delements.html]
[openclassrooms.com/fr/courses/1631636-simplifiez-vos-developpements-javascript-avec-jquery/1632814-plus-loin-dans-la-selection-delements.html]
[openclassrooms.com/fr/courses/1631636-simplifiez-vos-developpements-javascript-avec-jquery/1633336-modifier-le-contenu-dun-element.html]
[openclassrooms.com/fr/courses/1631636-simplifiez-vos-developpements-javascript-avec-jquery/1633537-inserer-et-remplacer-des-elements-dans-le-dom.html]
[openclassrooms.com/fr/courses/1631636-simplifiez-vos-developpements-javascript-avec-jquery/1633662-tp-questionnaire-interactif-en-jquery.html]
[openclassrooms.com/fr/courses/1631636-simplifiez-vos-developpements-javascript-avec-jquery/1634798-les-bases-de-la-gestion-evenementielle.html]
[openclassrooms.com/fr/courses/1631636-simplifiez-vos-developpements-javascript-avec-jquery/1635026-plus-loin-dans-la-gestion-evenementielle.html]
[openclassrooms.com/fr/courses/1631636-simplifiez-vos-developpements-javascript-avec-jquery/1635193-animations-et-effets.html]
[openclassrooms.com/fr/courses/1631636-simplifiez-vos-developpements-javascript-avec-jquery/1635364-files-dattente-et-timer.html]
[openclassrooms.com/fr/courses/1631636-simplifiez-vos-developpements-javascript-avec-jquery/1635481-textes-et-images.html]
[openclassrooms.com/fr/courses/1631636-simplifiez-vos-developpements-javascript-avec-jquery/1635660-formulaires-et-tableaux.html]
[openclassrooms.com/fr/courses/1631636-simplifiez-vos-developpements-javascript-avec-jquery/1635855-tp-mise-en-forme-dune-page-web.html]
[openclassrooms.com/fr/courses/1631636-simplifiez-vos-developpements-javascript-avec-jquery/1635969-un-jeu-en-jquery.html]
[openclassrooms.com/fr/courses/1631636-simplifiez-vos-developpements-javascript-avec-jquery/1636120-tp-un-jeu-de-collecte-spatiale.html]
[openclassrooms.com/fr/courses/1631636-simplifiez-vos-developpements-javascript-avec-jquery/exercises/462.html]
[openclassrooms.com/fr/courses/1631636-simplifiez-vos-developpements-javascript-avec-jquery/1636445-plus-loin-avec-ajax.html]
[openclassrooms.com/fr/courses/1631636-simplifiez-vos-developpements-javascript-avec-jquery/1636506-tp-un-chat-en-jquery.html]
[openclassrooms.com/fr/courses/1631636-simplifiez-vos-developpements-javascript-avec-jquery/exercises/464.html]
[openclassrooms.com/fr/courses/1631636-simplifiez-vos-developpements-javascript-avec-jquery/1636616-trouver-et-utiliser-un-plugin.html]
[openclassrooms.com/fr/courses/1631636-simplifiez-vos-developpements-javascript-avec-jquery/1636887-jquery-ui.html]
[openclassrooms.com/fr/courses/1631636-simplifiez-vos-developpements-javascript-avec-jquery/1636990-creer-un-plugin.html]
[openclassrooms.com/fr/courses/1631636-simplifiez-vos-developpements-javascript-avec-jquery/3165851-tp-redimensionnez-du-texte-avec-le-plugin-widetext.html]
[openclassrooms.com/fr/courses/1631636-simplifiez-vos-developpements-javascript-avec-jquery/3165891-conclusion-generale.html]
[openclassrooms.com/fr/courses/1631636-simplifiez-vos-developpements-javascript-avec-jquery/exercises/466.html]
[openclassrooms.com/fr/courses/1631636-simplifiez-vos-developpements-javascript-avec-jquery/1637098-deboguer-le-code-jquery.html]
[openclassrooms.com/fr/courses/1631636-simplifiez-vos-developpements-javascript-avec-jquery/1637098-deboguer-le-code-jquery.html]
